2026-08-21 14:46:42,013 [INFO] 已加载配置文件 C:\Users\EDY\AppData\Local\Temp\wb_analysis\st_monitor_config.json
2026-08-21 14:46:42,013 [INFO] 开始监控 2026-08-21 (dry=True)
2026-08-21 14:46:42,014 [INFO] 生成消息:
【ST股重整/摘帽监控】2026-08-21
================================

● ST人福(600079)  行情:- (-%)
  进展:重整投资人
  研判:利好 (score=1)
   - 重整投资人: 关于重整投资人招募进展的公告

● *ST中岩(002542)  行情:- (-%)
  进展:退市风险
  研判:利空 (score=-1)
   - 退市风险: 关于股票可能被终止上市的风险提示公告

================================
⚠️ 本消息为程序自动生成的事件监控, 非投资建议, ST/*ST 退市风险极高。
2026-08-21 14:46:42,015 [INFO] 状态已记录: C:\Users\EDY\AppData\Local\Temp\wb_analysis\logs\st_monitor_send_log.jsonl (send_ok=True)
2026-08-21 14:56:11,874 [INFO] 已加载配置文件 C:\Users\EDY\AppData\Local\Temp\wb_analysis\st_monitor_config.json
2026-08-21 14:56:11,874 [INFO] 开始监控 2026-08-21 (dry=True)
2026-08-21 14:56:11,874 [INFO] 生成消息:
【ST股重整/摘帽监控】2026-08-21
================================

● ST人福(600079)  行情:- (-%)
  进展:重整投资人
  研判:利好 (score=1)
   - 重整投资人: 关于重整投资人招募进展的公告

● *ST中岩(002542)  行情:- (-%)
  进展:退市风险
  研判:利空 (score=-1)
   - 退市风险: 关于股票可能被终止上市的风险提示公告

================================
[风险提示] 本消息为程序自动生成的事件监控, 非投资建议, ST/*ST 退市风险极高。
2026-08-21 14:56:11,875 [INFO] 状态已记录: C:\Users\EDY\AppData\Local\Temp\wb_analysis\logs\st_monitor_send_log.jsonl (send_ok=True)
2026-08-21 14:56:31,637 [INFO] 已加载配置文件 C:\Users\EDY\AppData\Local\Temp\wb_analysis\st_monitor_config.json
2026-08-21 14:56:33,175 [INFO] 测试推送成功
2026-08-22 19:04:46,522 [INFO] 已加载配置文件 C:\Users\EDY\AppData\Local\Temp\wb_analysis\st_monitor_config.json
2026-08-22 19:04:46,523 [INFO] 2026-08-22 非交易日, 跳过
2026-08-23 19:05:05,129 [INFO] 已加载配置文件 C:\Users\EDY\AppData\Local\Temp\wb_analysis\st_monitor_config.json
2026-08-23 19:05:05,130 [INFO] 2026-08-23 非交易日, 跳过
2026-08-24 09:06:25,347 [INFO] 已加载配置文件 C:\Users\EDY\AppData\Local\Temp\wb_analysis\st_monitor_config.json
2026-08-24 09:06:25,354 [INFO] 开始监控 2026-08-24 (dry=False)
2026-08-24 09:06:29,131 [INFO] 生成消息:
【ST股重整/摘帽监控】2026-08-24
================================

● ST人福(600079)  行情:17.89 (0.17%)
  进展:近7日无重整/摘帽相关公告
  研判:中性 (score=0)

● ST龙大(002726)  行情:2.77 (-6.10%)
  进展:近7日无重整/摘帽相关公告
  研判:中性 (score=0)

● ST京蓝(000711)  行情:6.44 (5.40%)
  进展:近7日无重整/摘帽相关公告
  研判:中性 (score=0)

● *ST发展(000838)  行情:2.81 (2.18%)
  进展:近7日无重整/摘帽相关公告
  研判:中性 (score=0)

● ST美克(600337)  行情:3.20 (2.56%)
  进展:近7日无重整/摘帽相关公告
  研判:中性 (score=0)

● ST惠程(002168)  行情:3.84 (0.52%)
  进展:近7日无重整/摘帽相关公告
  研判:中性 (score=0)

● *ST春天(600381)  行情:4.94 (0.61%)
  进展:近7日无重整/摘帽相关公告
  研判:中性 (score=0)

● *ST香雪(300147)  行情:6.88 (-2.96%)
  进展:近7日无重整/摘帽相关公告
  研判:中性 (score=0)

● *ST中岩(002542)  行情:1.90 (4.40%)
  进展:近7日无重整/摘帽相关公告
  研判:中性 (score=0)

● ST华谊(300027)  行情:1.80 (1.69%)
  进展:近7日无重整/摘帽相关公告
  研判:中性 (score=0)

● ST银江(300020)  行情:3.44 (2.38%)
  进展:近7日无重整/摘帽相关公告
  研判:中性 (score=0)

● *ST华幸(600340)  行情:1.09 (0.00%)
  进展:近7日无重整/摘帽相关公告
  研判:中性 (score=0)

● *ST三房(600370)  行情:1.50 (2.04%)
  进展:近7日无重整/摘帽相关公告
  研判:中性 (score=0)

================================
[风险提示] 本消息为程序自动生成的事件监控, 非投资建议, ST/*ST 退市风险极高。
2026-08-24 09:06:30,891 [INFO] 状态已记录: C:\Users\EDY\AppData\Local\Temp\wb_analysis\logs\st_monitor_send_log.jsonl (send_ok=True)
2026-08-25 09:05:55,261 [INFO] 已加载配置文件 C:\Users\EDY\AppData\Local\Temp\wb_analysis\st_monitor_config.json
2026-08-25 09:05:55,261 [INFO] 开始监控 2026-08-25 (dry=False)
2026-08-25 09:05:58,926 [INFO] 生成消息:
【ST股重整/摘帽监控】2026-08-25
================================

● ST人福(600079)  行情:17.85 (-0.22%)
  进展:近7日无重整/摘帽相关公告
  研判:中性 (score=0)

● ST龙大(002726)  行情:2.90 (4.69%)
  进展:近7日无重整/摘帽相关公告
  研判:中性 (score=0)

● ST京蓝(000711)  行情:6.60 (2.48%)
  进展:近7日无重整/摘帽相关公告
  研判:中性 (score=0)

● *ST发展(000838)  行情:2.98 (6.05%)
  进展:近7日无重整/摘帽相关公告
  研判:中性 (score=0)

● ST美克(600337)  行情:3.25 (1.56%)
  进展:近7日无重整/摘帽相关公告
  研判:中性 (score=0)

● ST惠程(002168)  行情:3.97 (3.39%)
  进展:近7日无重整/摘帽相关公告
  研判:中性 (score=0)

● *ST春天(600381)  行情:4.75 (-3.85%)
  进展:近7日无重整/摘帽相关公告
  研判:中性 (score=0)

● *ST香雪(300147)  行情:6.71 (-2.47%)
  进展:近7日无重整/摘帽相关公告
  研判:中性 (score=0)

● *ST中岩(002542)  行情:1.89 (-0.53%)
  进展:近7日无重整/摘帽相关公告
  研判:中性 (score=0)

● ST华谊(300027)  行情:1.84 (2.22%)
  进展:近7日无重整/摘帽相关公告
  研判:中性 (score=0)

● ST银江(300020)  行情:3.39 (-1.45%)
  进展:近7日无重整/摘帽相关公告
  研判:中性 (score=0)

● *ST华幸(600340)  行情:1.09 (0.00%)
  进展:近7日无重整/摘帽相关公告
  研判:中性 (score=0)

● *ST三房(600370)  行情:1.47 (-2.00%)
  进展:近7日无重整/摘帽相关公告
  研判:中性 (score=0)

================================
[风险提示] 本消息为程序自动生成的事件监控, 非投资建议, ST/*ST 退市风险极高。
2026-08-25 09:06:00,377 [INFO] 状态已记录: C:\Users\EDY\AppData\Local\Temp\wb_analysis\logs\st_monitor_send_log.jsonl (send_ok=True)
2026-08-25 15:13:49,565 [INFO] 已加载配置文件 C:\Users\EDY\AppData\Local\Temp\wb_analysis\st_monitor_config.json
2026-08-25 15:13:49,568 [INFO] 开始监控 2026-08-25 (dry=False)
2026-08-25 15:13:54,671 [INFO] 生成消息:
【ST股重整/摘帽监控】2026-08-25
================================

● ST人福(600079)  行情:18.02 (0.95%)
  进展:近7日无重整/摘帽相关公告
  研判:中性 (score=0)

● ST龙大(002726)  行情:2.85 (-1.72%)
  进展:近7日无重整/摘帽相关公告
  研判:中性 (score=0)

● ST京蓝(000711)  行情:6.20 (-6.06%)
  进展:近7日无重整/摘帽相关公告
  研判:中性 (score=0)

● *ST发展(000838)  行情:2.94 (-1.34%)
  进展:近7日无重整/摘帽相关公告
  研判:中性 (score=0)

● ST美克(600337)  行情:3.29 (1.23%)
  进展:近7日无重整/摘帽相关公告
  研判:中性 (score=0)

● ST惠程(002168)  行情:3.98 (0.25%)
  进展:近7日无重整/摘帽相关公告
  研判:中性 (score=0)

● *ST春天(600381)  行情:4.83 (1.68%)
  进展:近7日无重整/摘帽相关公告
  研判:中性 (score=0)

● *ST香雪(300147)  行情:6.69 (-0.30%)
  进展:近7日无重整/摘帽相关公告
  研判:中性 (score=0)

● *ST中岩(002542)  行情:1.82 (-3.70%)
  进展:近7日无重整/摘帽相关公告
  研判:中性 (score=0)

● ST华谊(300027)  行情:1.84 (0.00%)
  进展:近7日无重整/摘帽相关公告
  研判:中性 (score=0)

● ST银江(300020)  行情:3.42 (0.88%)
  进展:近7日无重整/摘帽相关公告
  研判:中性 (score=0)

● *ST华幸(600340)  行情:1.09 (0.00%)
  进展:近7日无重整/摘帽相关公告
  研判:中性 (score=0)

● *ST三房(600370)  行情:1.52 (3.40%)
  进展:近7日无重整/摘帽相关公告
  研判:中性 (score=0)

● ST宁科(600165)  行情:3.27 (0.00%)
  进展:近7日无重整/摘帽相关公告
  研判:中性 (score=0)

● ST长圆(600525)  行情:5.78 (0.00%)
  进展:近7日无重整/摘帽相关公告
  研判:中性 (score=0)

● *ST正平(603843)  行情:7.28 (3.85%)
  进展:近7日无重整/摘帽相关公告
  研判:中性 (score=0)

● ST东时(603377)  行情:2.89 (0.35%)
  进展:近7日无重整/摘帽相关公告
  研判:中性 (score=0)

================================
[风险提示] 本消息为程序自动生成的事件监控, 非投资建议, ST/*ST 退市风险极高。
2026-08-25 15:13:54,672 [INFO] 状态已记录: C:\Users\EDY\AppData\Local\Temp\wb_analysis\logs\st_monitor_send_log.jsonl (send_ok=True)
2026-08-25 15:18:28,501 [INFO] 已加载配置文件 C:\Users\EDY\AppData\Local\Temp\wb_analysis\st_monitor_config.json
2026-08-25 15:18:28,501 [INFO] 开始监控 2026-08-25 (dry=False)
2026-08-25 15:18:28,640 [WARNING] 公告接口不可用, 本次仅做价格异动监控
2026-08-25 15:18:31,456 [INFO] 生成消息:
【ST股重整/摘帽监控】2026-08-25
⚠️ 公告接口暂不可用(东财/腾讯公告源均失效), 以下为【价格异动监控】,重整/摘星/摘帽文本进度需人工Web检索核验。
================================

● ST人福(600079)  行情:18.02 (0.95%)
  进展:公告接口失效·仅价格监控
  研判:中性 (score=0)

● ST龙大(002726)  行情:2.85 (-1.72%)
  进展:公告接口失效·仅价格监控
  研判:中性 (score=0)

● ST京蓝(000711)  行情:6.20 (-6.06%)
  进展:公告接口失效·仅价格监控 | 大跌 -6.06%(疑似风险释放)
  研判:中性 (score=0)
   - 价格异动: 大跌 -6.06%(疑似风险释放)

● *ST发展(000838)  行情:2.94 (-1.34%)
  进展:公告接口失效·仅价格监控
  研判:中性 (score=0)

● ST美克(600337)  行情:3.29 (1.23%)
  进展:公告接口失效·仅价格监控
  研判:中性 (score=0)

● ST惠程(002168)  行情:3.98 (0.25%)
  进展:公告接口失效·仅价格监控
  研判:中性 (score=0)

● *ST春天(600381)  行情:4.83 (1.68%)
  进展:公告接口失效·仅价格监控
  研判:中性 (score=0)

● *ST香雪(300147)  行情:6.69 (-0.30%)
  进展:公告接口失效·仅价格监控
  研判:中性 (score=0)

● *ST中岩(002542)  行情:1.82 (-3.70%)
  进展:公告接口失效·仅价格监控
  研判:中性 (score=0)

● ST华谊(300027)  行情:1.84 (0.00%)
  进展:公告接口失效·仅价格监控
  研判:中性 (score=0)

● ST银江(300020)  行情:3.42 (0.88%)
  进展:公告接口失效·仅价格监控
  研判:中性 (score=0)

● *ST华幸(600340)  行情:1.09 (0.00%)
  进展:公告接口失效·仅价格监控
  研判:中性 (score=0)

● *ST三房(600370)  行情:1.52 (3.40%)
  进展:公告接口失效·仅价格监控
  研判:中性 (score=0)

● ST宁科(600165)  行情:3.27 (0.00%)
  进展:公告接口失效·仅价格监控
  研判:中性 (score=0)

● ST长圆(600525)  行情:5.78 (0.00%)
  进展:公告接口失效·仅价格监控
  研判:中性 (score=0)

● *ST正平(603843)  行情:7.28 (3.85%)
  进展:公告接口失效·仅价格监控
  研判:中性 (score=0)

● ST东时(603377)  行情:2.89 (0.35%)
  进展:公告接口失效·仅价格监控
  研判:中性 (score=0)

================================
[风险提示] 本消息为程序自动生成的事件监控, 非投资建议, ST/*ST 退市风险极高。
2026-08-25 15:18:31,457 [INFO] 状态已记录: C:\Users\EDY\AppData\Local\Temp\wb_analysis\logs\st_monitor_send_log.jsonl (send_ok=True)
2026-08-25 15:18:56,065 [INFO] 已加载配置文件 C:\Users\EDY\AppData\Local\Temp\wb_analysis\st_monitor_config.json
2026-08-25 15:18:56,065 [INFO] 开始监控 2026-08-25 (dry=False)
2026-08-25 15:18:56,222 [WARNING] 公告接口不可用, 本次仅做价格异动监控
2026-08-25 15:18:59,032 [INFO] 生成消息:
【ST股重整/摘帽监控】2026-08-25
⚠️ 公告接口暂不可用(东财/腾讯公告源均失效), 以下为【价格异动监控】,重整/摘星/摘帽文本进度需人工Web检索核验。
================================

● ST人福(600079)  行情:18.02 (0.95%)
  进展:公告接口失效·仅价格监控
  研判:中性 (score=0)

● ST龙大(002726)  行情:2.85 (-1.72%)
  进展:公告接口失效·仅价格监控
  研判:中性 (score=0)

● ST京蓝(000711)  行情:6.20 (-6.06%)
  进展:公告接口失效·仅价格监控 | 大跌 -6.06%(疑似风险释放)
  研判:中性 (score=0)
   - 价格异动: 大跌 -6.06%(疑似风险释放)

● *ST发展(000838)  行情:2.94 (-1.34%)
  进展:公告接口失效·仅价格监控
  研判:中性 (score=0)

● ST美克(600337)  行情:3.29 (1.23%)
  进展:公告接口失效·仅价格监控
  研判:中性 (score=0)

● ST惠程(002168)  行情:3.98 (0.25%)
  进展:公告接口失效·仅价格监控
  研判:中性 (score=0)

● *ST春天(600381)  行情:4.83 (1.68%)
  进展:公告接口失效·仅价格监控
  研判:中性 (score=0)

● *ST香雪(300147)  行情:6.69 (-0.30%)
  进展:公告接口失效·仅价格监控
  研判:中性 (score=0)

● *ST中岩(002542)  行情:1.82 (-3.70%)
  进展:公告接口失效·仅价格监控
  研判:中性 (score=0)

● ST华谊(300027)  行情:1.84 (0.00%)
  进展:公告接口失效·仅价格监控
  研判:中性 (score=0)

● ST银江(300020)  行情:3.42 (0.88%)
  进展:公告接口失效·仅价格监控
  研判:中性 (score=0)

● *ST华幸(600340)  行情:1.09 (0.00%)
  进展:公告接口失效·仅价格监控
  研判:中性 (score=0)

● *ST三房(600370)  行情:1.52 (3.40%)
  进展:公告接口失效·仅价格监控
  研判:中性 (score=0)

● ST宁科(600165)  行情:3.27 (0.00%)
  进展:公告接口失效·仅价格监控
  研判:中性 (score=0)

● ST长圆(600525)  行情:5.78 (0.00%)
  进展:公告接口失效·仅价格监控
  研判:中性 (score=0)

● *ST正平(603843)  行情:7.28 (3.85%)
  进展:公告接口失效·仅价格监控
  研判:中性 (score=0)

● ST东时(603377)  行情:2.89 (0.35%)
  进展:公告接口失效·仅价格监控
  研判:中性 (score=0)

================================
[风险提示] 本消息为程序自动生成的事件监控, 非投资建议, ST/*ST 退市风险极高。
2026-08-25 15:19:01,593 [INFO] 状态已记录: C:\Users\EDY\AppData\Local\Temp\wb_analysis\logs\st_monitor_send_log.jsonl (send_ok=True)
